// Jest Snapshot v1, https://goo.gl/fbAQLP

exports[`testing Discover component renders the Discover component 1`] = `
ShallowWrapper {
  "length": 1,
  Symbol(enzyme.__root__): [Circular],
  Symbol(enzyme.__unrendered__): <Feature />,
  Symbol(enzyme.__renderer__): Object {
    "batchedUpdates": [Function],
    "getNode": [Function],
    "render": [Function],
    "simulateEvent": [Function],
    "unmount": [Function],
  },
  Symbol(enzyme.__node__): Object {
    "instance": null,
    "key": undefined,
    "nodeType": "host",
    "props": Object {
      "children": Array [
        <div
          className="header"
        >
          <div
            className="header-content"
          >
            <h3>
              Discover More About Winsome
            </h3>
          </div>
        </div>,
        <div
          className="content"
        >
          <div
            className="first"
          >
            <div
              className="footer-discover"
            >
              <h3>
                Events
              </h3>
            </div>
          </div>
          <div
            className="second"
          >
            <div
              className="footer-discover"
            >
              <h3>
                Faculty & Staff
              </h3>
            </div>
          </div>
          <div
            className="third"
          >
            <div
              className="footer-discover"
            >
              <h3>
                Policies & Procedures
              </h3>
            </div>
          </div>
        </div>,
      ],
      "className": "discover-container",
    },
    "ref": null,
    "rendered": Array [
      Object {
        "instance": null,
        "key": undefined,
        "nodeType": "host",
        "props": Object {
          "children": <div
            className="header-content"
          >
            <h3>
              Discover More About Winsome
            </h3>
          </div>,
          "className": "header",
        },
        "ref": null,
        "rendered": Object {
          "instance": null,
          "key": undefined,
          "nodeType": "host",
          "props": Object {
            "children": <h3>
              Discover More About Winsome
            </h3>,
            "className": "header-content",
          },
          "ref": null,
          "rendered": Object {
            "instance": null,
            "key": undefined,
            "nodeType": "host",
            "props": Object {
              "children": "Discover More About Winsome",
            },
            "ref": null,
            "rendered": "Discover More About Winsome",
            "type": "h3",
          },
          "type": "div",
        },
        "type": "div",
      },
      Object {
        "instance": null,
        "key": undefined,
        "nodeType": "host",
        "props": Object {
          "children": Array [
            <div
              className="first"
            >
              <div
                className="footer-discover"
              >
                <h3>
                  Events
                </h3>
              </div>
            </div>,
            <div
              className="second"
            >
              <div
                className="footer-discover"
              >
                <h3>
                  Faculty & Staff
                </h3>
              </div>
            </div>,
            <div
              className="third"
            >
              <div
                className="footer-discover"
              >
                <h3>
                  Policies & Procedures
                </h3>
              </div>
            </div>,
          ],
          "className": "content",
        },
        "ref": null,
        "rendered": Array [
          Object {
            "instance": null,
            "key": undefined,
            "nodeType": "host",
            "props": Object {
              "children": <div
                className="footer-discover"
              >
                <h3>
                  Events
                </h3>
              </div>,
              "className": "first",
            },
            "ref": null,
            "rendered": Object {
              "instance": null,
              "key": undefined,
              "nodeType": "host",
              "props": Object {
                "children": <h3>
                  Events
                </h3>,
                "className": "footer-discover",
              },
              "ref": null,
              "rendered": Object {
                "instance": null,
                "key": undefined,
                "nodeType": "host",
                "props": Object {
                  "children": "Events",
                },
                "ref": null,
                "rendered": "Events",
                "type": "h3",
              },
              "type": "div",
            },
            "type": "div",
          },
          Object {
            "instance": null,
            "key": undefined,
            "nodeType": "host",
            "props": Object {
              "children": <div
                className="footer-discover"
              >
                <h3>
                  Faculty & Staff
                </h3>
              </div>,
              "className": "second",
            },
            "ref": null,
            "rendered": Object {
              "instance": null,
              "key": undefined,
              "nodeType": "host",
              "props": Object {
                "children": <h3>
                  Faculty & Staff
                </h3>,
                "className": "footer-discover",
              },
              "ref": null,
              "rendered": Object {
                "instance": null,
                "key": undefined,
                "nodeType": "host",
                "props": Object {
                  "children": "Faculty & Staff",
                },
                "ref": null,
                "rendered": "Faculty & Staff",
                "type": "h3",
              },
              "type": "div",
            },
            "type": "div",
          },
          Object {
            "instance": null,
            "key": undefined,
            "nodeType": "host",
            "props": Object {
              "children": <div
                className="footer-discover"
              >
                <h3>
                  Policies & Procedures
                </h3>
              </div>,
              "className": "third",
            },
            "ref": null,
            "rendered": Object {
              "instance": null,
              "key": undefined,
              "nodeType": "host",
              "props": Object {
                "children": <h3>
                  Policies & Procedures
                </h3>,
                "className": "footer-discover",
              },
              "ref": null,
              "rendered": Object {
                "instance": null,
                "key": undefined,
                "nodeType": "host",
                "props": Object {
                  "children": "Policies & Procedures",
                },
                "ref": null,
                "rendered": "Policies & Procedures",
                "type": "h3",
              },
              "type": "div",
            },
            "type": "div",
          },
        ],
        "type": "div",
      },
    ],
    "type": "div",
  },
  Symbol(enzyme.__nodes__): Array [
    Object {
      "instance": null,
      "key": undefined,
      "nodeType": "host",
      "props": Object {
        "children": Array [
          <div
            className="header"
          >
            <div
              className="header-content"
            >
              <h3>
                Discover More About Winsome
              </h3>
            </div>
          </div>,
          <div
            className="content"
          >
            <div
              className="first"
            >
              <div
                className="footer-discover"
              >
                <h3>
                  Events
                </h3>
              </div>
            </div>
            <div
              className="second"
            >
              <div
                className="footer-discover"
              >
                <h3>
                  Faculty & Staff
                </h3>
              </div>
            </div>
            <div
              className="third"
            >
              <div
                className="footer-discover"
              >
                <h3>
                  Policies & Procedures
                </h3>
              </div>
            </div>
          </div>,
        ],
        "className": "discover-container",
      },
      "ref": null,
      "rendered": Array [
        Object {
          "instance": null,
          "key": undefined,
          "nodeType": "host",
          "props": Object {
            "children": <div
              className="header-content"
            >
              <h3>
                Discover More About Winsome
              </h3>
            </div>,
            "className": "header",
          },
          "ref": null,
          "rendered": Object {
            "instance": null,
            "key": undefined,
            "nodeType": "host",
            "props": Object {
              "children": <h3>
                Discover More About Winsome
              </h3>,
              "className": "header-content",
            },
            "ref": null,
            "rendered": Object {
              "instance": null,
              "key": undefined,
              "nodeType": "host",
              "props": Object {
                "children": "Discover More About Winsome",
              },
              "ref": null,
              "rendered": "Discover More About Winsome",
              "type": "h3",
            },
            "type": "div",
          },
          "type": "div",
        },
        Object {
          "instance": null,
          "key": undefined,
          "nodeType": "host",
          "props": Object {
            "children": Array [
              <div
                className="first"
              >
                <div
                  className="footer-discover"
                >
                  <h3>
                    Events
                  </h3>
                </div>
              </div>,
              <div
                className="second"
              >
                <div
                  className="footer-discover"
                >
                  <h3>
                    Faculty & Staff
                  </h3>
                </div>
              </div>,
              <div
                className="third"
              >
                <div
                  className="footer-discover"
                >
                  <h3>
                    Policies & Procedures
                  </h3>
                </div>
              </div>,
            ],
            "className": "content",
          },
          "ref": null,
          "rendered": Array [
            Object {
              "instance": null,
              "key": undefined,
              "nodeType": "host",
              "props": Object {
                "children": <div
                  className="footer-discover"
                >
                  <h3>
                    Events
                  </h3>
                </div>,
                "className": "first",
              },
              "ref": null,
              "rendered": Object {
                "instance": null,
                "key": undefined,
                "nodeType": "host",
                "props": Object {
                  "children": <h3>
                    Events
                  </h3>,
                  "className": "footer-discover",
                },
                "ref": null,
                "rendered": Object {
                  "instance": null,
                  "key": undefined,
                  "nodeType": "host",
                  "props": Object {
                    "children": "Events",
                  },
                  "ref": null,
                  "rendered": "Events",
                  "type": "h3",
                },
                "type": "div",
              },
              "type": "div",
            },
            Object {
              "instance": null,
              "key": undefined,
              "nodeType": "host",
              "props": Object {
                "children": <div
                  className="footer-discover"
                >
                  <h3>
                    Faculty & Staff
                  </h3>
                </div>,
                "className": "second",
              },
              "ref": null,
              "rendered": Object {
                "instance": null,
                "key": undefined,
                "nodeType": "host",
                "props": Object {
                  "children": <h3>
                    Faculty & Staff
                  </h3>,
                  "className": "footer-discover",
                },
                "ref": null,
                "rendered": Object {
                  "instance": null,
                  "key": undefined,
                  "nodeType": "host",
                  "props": Object {
                    "children": "Faculty & Staff",
                  },
                  "ref": null,
                  "rendered": "Faculty & Staff",
                  "type": "h3",
                },
                "type": "div",
              },
              "type": "div",
            },
            Object {
              "instance": null,
              "key": undefined,
              "nodeType": "host",
              "props": Object {
                "children": <div
                  className="footer-discover"
                >
                  <h3>
                    Policies & Procedures
                  </h3>
                </div>,
                "className": "third",
              },
              "ref": null,
              "rendered": Object {
                "instance": null,
                "key": undefined,
                "nodeType": "host",
                "props": Object {
                  "children": <h3>
                    Policies & Procedures
                  </h3>,
                  "className": "footer-discover",
                },
                "ref": null,
                "rendered": Object {
                  "instance": null,
                  "key": undefined,
                  "nodeType": "host",
                  "props": Object {
                    "children": "Policies & Procedures",
                  },
                  "ref": null,
                  "rendered": "Policies & Procedures",
                  "type": "h3",
                },
                "type": "div",
              },
              "type": "div",
            },
          ],
          "type": "div",
        },
      ],
      "type": "div",
    },
  ],
  Symbol(enzyme.__options__): Object {
    "adapter": ReactSixteenAdapter {
      "options": Object {
        "enableComponentDidUpdateOnSetState": true,
      },
    },
  },
}
`;
