// Jest Snapshot v1, https://goo.gl/fbAQLP

exports[`Test the Portion1 Component test the rendring 1`] = `
ShallowWrapper {
  "length": 1,
  Symbol(enzyme.__root__): [Circular],
  Symbol(enzyme.__unrendered__): <Portion1
    achieversData={
      Object {
        "class16Data": Object {
          "data": Array [
            Object {
              "id": 1,
              "image": "",
              "text": "",
              "textHeading": "",
            },
            Object {
              "id": 2,
              "image": "",
              "text": "",
              "textHeading": "Ahmed",
            },
            Object {
              "id": 3,
              "image": "",
              "text": "",
              "textHeading": "Waqar",
            },
          ],
          "textYear": "",
        },
        "class17Data": Object {
          "data": Array [
            Object {
              "id": 1,
              "image": "",
              "text": "",
              "textHeading": "",
            },
            Object {
              "id": 2,
              "image": "",
              "text": "",
              "textHeading": "Ahmed",
            },
            Object {
              "id": 3,
              "image": "",
              "text": "",
              "textHeading": "Waqar",
            },
            Object {
              "id": 4,
              "image": "",
              "text": "",
              "textHeading": "Ahsan",
            },
            Object {
              "id": 5,
              "image": "",
              "text": "",
              "textHeading": "Hassan",
            },
          ],
          "textYear": "",
        },
        "firstPart": Object {
          "heading": "",
          "text": "",
        },
      }
    }
  />,
  Symbol(enzyme.__renderer__): Object {
    "batchedUpdates": [Function],
    "getNode": [Function],
    "render": [Function],
    "simulateEvent": [Function],
    "unmount": [Function],
  },
  Symbol(enzyme.__node__): Object {
    "instance": null,
    "key": undefined,
    "nodeType": "host",
    "props": Object {
      "children": <div>
        <h2>
          
        </h2>
        <div
          className="box"
        />
        <Part
          image=""
          text=""
          textHeading=""
        />
        <Part
          image=""
          text=""
          textHeading="Ahmed"
        />
        <Part
          image=""
          text=""
          textHeading="Waqar"
        />
        <Part
          image=""
          text=""
          textHeading="Ahsan"
        />
        <Part
          image=""
          text=""
          textHeading="Hassan"
        />
        <div
          className="clear"
        />
      </div>,
      "className": "portion1",
    },
    "ref": null,
    "rendered": Object {
      "instance": null,
      "key": undefined,
      "nodeType": "host",
      "props": Object {
        "children": Array [
          <h2>
            
          </h2>,
          <div
            className="box"
          />,
          Array [
            <Part
              image=""
              text=""
              textHeading=""
            />,
            <Part
              image=""
              text=""
              textHeading="Ahmed"
            />,
            <Part
              image=""
              text=""
              textHeading="Waqar"
            />,
            <Part
              image=""
              text=""
              textHeading="Ahsan"
            />,
            <Part
              image=""
              text=""
              textHeading="Hassan"
            />,
          ],
          <div
            className="clear"
          />,
        ],
      },
      "ref": null,
      "rendered": Array [
        Object {
          "instance": null,
          "key": undefined,
          "nodeType": "host",
          "props": Object {
            "children": "",
          },
          "ref": null,
          "rendered": "",
          "type": "h2",
        },
        Object {
          "instance": null,
          "key": undefined,
          "nodeType": "host",
          "props": Object {
            "className": "box",
          },
          "ref": null,
          "rendered": null,
          "type": "div",
        },
        Object {
          "instance": null,
          "key": "1",
          "nodeType": "function",
          "props": Object {
            "image": "",
            "text": "",
            "textHeading": "",
          },
          "ref": null,
          "rendered": null,
          "type": [Function],
        },
        Object {
          "instance": null,
          "key": "2",
          "nodeType": "function",
          "props": Object {
            "image": "",
            "text": "",
            "textHeading": "Ahmed",
          },
          "ref": null,
          "rendered": null,
          "type": [Function],
        },
        Object {
          "instance": null,
          "key": "3",
          "nodeType": "function",
          "props": Object {
            "image": "",
            "text": "",
            "textHeading": "Waqar",
          },
          "ref": null,
          "rendered": null,
          "type": [Function],
        },
        Object {
          "instance": null,
          "key": "4",
          "nodeType": "function",
          "props": Object {
            "image": "",
            "text": "",
            "textHeading": "Ahsan",
          },
          "ref": null,
          "rendered": null,
          "type": [Function],
        },
        Object {
          "instance": null,
          "key": "5",
          "nodeType": "function",
          "props": Object {
            "image": "",
            "text": "",
            "textHeading": "Hassan",
          },
          "ref": null,
          "rendered": null,
          "type": [Function],
        },
        Object {
          "instance": null,
          "key": undefined,
          "nodeType": "host",
          "props": Object {
            "className": "clear",
          },
          "ref": null,
          "rendered": null,
          "type": "div",
        },
      ],
      "type": "div",
    },
    "type": "div",
  },
  Symbol(enzyme.__nodes__): Array [
    Object {
      "instance": null,
      "key": undefined,
      "nodeType": "host",
      "props": Object {
        "children": <div>
          <h2>
            
          </h2>
          <div
            className="box"
          />
          <Part
            image=""
            text=""
            textHeading=""
          />
          <Part
            image=""
            text=""
            textHeading="Ahmed"
          />
          <Part
            image=""
            text=""
            textHeading="Waqar"
          />
          <Part
            image=""
            text=""
            textHeading="Ahsan"
          />
          <Part
            image=""
            text=""
            textHeading="Hassan"
          />
          <div
            className="clear"
          />
        </div>,
        "className": "portion1",
      },
      "ref": null,
      "rendered": Object {
        "instance": null,
        "key": undefined,
        "nodeType": "host",
        "props": Object {
          "children": Array [
            <h2>
              
            </h2>,
            <div
              className="box"
            />,
            Array [
              <Part
                image=""
                text=""
                textHeading=""
              />,
              <Part
                image=""
                text=""
                textHeading="Ahmed"
              />,
              <Part
                image=""
                text=""
                textHeading="Waqar"
              />,
              <Part
                image=""
                text=""
                textHeading="Ahsan"
              />,
              <Part
                image=""
                text=""
                textHeading="Hassan"
              />,
            ],
            <div
              className="clear"
            />,
          ],
        },
        "ref": null,
        "rendered": Array [
          Object {
            "instance": null,
            "key": undefined,
            "nodeType": "host",
            "props": Object {
              "children": "",
            },
            "ref": null,
            "rendered": "",
            "type": "h2",
          },
          Object {
            "instance": null,
            "key": undefined,
            "nodeType": "host",
            "props": Object {
              "className": "box",
            },
            "ref": null,
            "rendered": null,
            "type": "div",
          },
          Object {
            "instance": null,
            "key": "1",
            "nodeType": "function",
            "props": Object {
              "image": "",
              "text": "",
              "textHeading": "",
            },
            "ref": null,
            "rendered": null,
            "type": [Function],
          },
          Object {
            "instance": null,
            "key": "2",
            "nodeType": "function",
            "props": Object {
              "image": "",
              "text": "",
              "textHeading": "Ahmed",
            },
            "ref": null,
            "rendered": null,
            "type": [Function],
          },
          Object {
            "instance": null,
            "key": "3",
            "nodeType": "function",
            "props": Object {
              "image": "",
              "text": "",
              "textHeading": "Waqar",
            },
            "ref": null,
            "rendered": null,
            "type": [Function],
          },
          Object {
            "instance": null,
            "key": "4",
            "nodeType": "function",
            "props": Object {
              "image": "",
              "text": "",
              "textHeading": "Ahsan",
            },
            "ref": null,
            "rendered": null,
            "type": [Function],
          },
          Object {
            "instance": null,
            "key": "5",
            "nodeType": "function",
            "props": Object {
              "image": "",
              "text": "",
              "textHeading": "Hassan",
            },
            "ref": null,
            "rendered": null,
            "type": [Function],
          },
          Object {
            "instance": null,
            "key": undefined,
            "nodeType": "host",
            "props": Object {
              "className": "clear",
            },
            "ref": null,
            "rendered": null,
            "type": "div",
          },
        ],
        "type": "div",
      },
      "type": "div",
    },
  ],
  Symbol(enzyme.__options__): Object {
    "adapter": ReactSixteenAdapter {
      "options": Object {
        "enableComponentDidUpdateOnSetState": true,
      },
    },
  },
}
`;
